A51 MACRO ASSEMBLER  QTION01                                                              11/09/2021 19:23:15 PAGE     1


MACRO ASSEMBLER A51 V8.01
OBJECT MODULE PLACED IN Qtion01.OBJ
ASSEMBLER INVOKED BY: C:\Keil\C51\BIN\A51.EXE Qtion01.asm SET(SMALL) DEBUG EP

LOC  OBJ            LINE     SOURCE

0000                   1     org 0000H
0000 0150              2     ajmp main 
0050                   3     org 0050H
                       4     
  0042                 5     M equ 66
  0042                 6     N equ 66
                       7     
0050                   8     main:
0050 7411              9         mov a , #00010001b  
0052 7800             10         mov r0 , #0 ; 
0054 7900             11         mov r1 , #0 ; 
                      12     
                      13         
0056                  14     Loop:  
0056 F580             15         mov p0 , a  
0058 1180             16         acall delay 
005A 23               17         rl a
005B 08               18         inc r0 
005C B802F7           19         cjne r0 , #2 , Loop  
005F 7800             20         mov r0 , #0     
0061 09               21         inc r1 
                      22     
0062 B953F1           23         cjne r1 , #83, Loop 
0065 7800             24         mov r0 , #0 
0067 7900             25         mov r1 , #0 
                      26     
0069 7488             27         mov a , #10001000b
                      28         
006B                  29     Loop1:  
006B F580             30         mov p0 , a 
006D 1180             31         acall delay 
006F 03               32         rr a
0070 08               33         inc r0 
0071 B804F7           34         cjne r0 , #4 , Loop1  
0074 7800             35         mov r0 , #0     
0076 09               36         inc r1 
                      37         
0077 B953F1           38         cjne r1 , #83 ,Loop1
007A 7800             39         mov r0 , #0 
007C 7900             40         mov r1 , #0
                      41     
007E 0156             42         ajmp Loop ; 
                      43     
0080                  44     delay: 
0080 7D09             45         mov r5,#009H
0082                  46     delay1:
0082 7E0C             47             mov r6,#00CH
0084                  48     delay2:
0084 7F6A             49         mov r7,#06AH
0086                  50     delay3:
0086 DFFE             51             djnz r7,delay3
0088 DEFA             52             djnz r6,delay2
008A DDF6             53         djnz r5,delay1 
008C 22               54             ret
                      55     end 
A51 MACRO ASSEMBLER  QTION01                                                              11/09/2021 19:23:15 PAGE     2

SYMBOL TABLE LISTING
------ ----- -------


N A M E             T Y P E  V A L U E   ATTRIBUTES

DELAY. . . . . . .  C ADDR   0080H   A   
DELAY1 . . . . . .  C ADDR   0082H   A   
DELAY2 . . . . . .  C ADDR   0084H   A   
DELAY3 . . . . . .  C ADDR   0086H   A   
LOOP . . . . . . .  C ADDR   0056H   A   
LOOP1. . . . . . .  C ADDR   006BH   A   
M. . . . . . . . .  N NUMB   0042H   A   
MAIN . . . . . . .  C ADDR   0050H   A   
N. . . . . . . . .  N NUMB   0042H   A   
P0 . . . . . . . .  D ADDR   0080H   A   


REGISTER BANK(S) USED: 0 


ASSEMBLY COMPLETE.  0 WARNING(S), 0 ERROR(S)
