A51 MACRO ASSEMBLER  QTION1                                                               11/02/2021 18:30:09 PAGE     1


MACRO ASSEMBLER A51 V8.01
OBJECT MODULE PLACED IN Qtion1.OBJ
ASSEMBLER INVOKED BY: C:\Keil\C51\BIN\A51.EXE Qtion1.asm SET(SMALL) DEBUG EP

LOC  OBJ            LINE     SOURCE

0000                   1         org 0000H
0000 0150              2         ajmp main 
0050                   3         org 0050H
0050                   4     main:
0050 9000F1            5         mov dptr , #show_table  
0053 7800              6         mov r0 , #0  
0055 797F              7         mov r1 , #01111111b  
0057 7A00              8         mov r2 , #0  
                       9     
0059 7B00             10         mov r3 , #0  
005B 7C00             11         mov r4 , #0  
005D                  12     Loop:
005D                  13     Read:  
                      14         
005D 89B0             15         mov p3 , r1  
005F 11D7             16         acall Delay_keyboard  
                      17         
0061 E5B0             18         mov a , p3  
0063 C4               19         swap a  
0064 54F0             20         anl a , #11110000b
0066 F8               21         mov r0 , a  
                      22     
0067 E8               23         mov a , r0 
0068 64E0             24         xrl a , #0E0H
006A 6045             25         jz first_col
006C E8               26         mov a , r0 
006D 64D0             27         xrl a , #0D0H 
006F 6048             28         jz second_col
0071 E8               29         mov a , r0 
0072 64B0             30         xrl a , #0B0H 
0074 604D             31         jz third_col
0076 E8               32         mov a , r0 
0077 6470             33         xrl a , #070H 
0079 6052             34         jz four_col
                      35         
007B 0A               36         inc r2  
007C E9               37         mov a , r1
007D 03               38         rr a 
007E F9               39         mov r1 , a 
007F B9F7DB           40         cjne r1 , #0F7H , Read 
                      41     
0082 797F             42         mov r1 , #01111111b  
0084 7A00             43         mov r2 , #0  
0086 7B11             44         mov r3 , #011H  
                      45         
                      46     
0088                  47     Show_fun:  
0088 7590FF           48         mov p1 , #0FFH 
008B 75807F           49         mov p0 , #07FH  
008E 11E4             50         acall delay
0090 0C               51         inc r4 
                      52     
0091 7590FF           53         mov p1 , #0FFH 
0094 7580BF           54         mov p0 , #0BFH  
0097 11E4             55         acall delay
                      56     
0099 7590FF           57         mov p1 , #0FFH 
009C 7580DF           58         mov p0 , #0DFH  
A51 MACRO ASSEMBLER  QTION1                                                               11/02/2021 18:30:09 PAGE     2

009F 11E4             59         acall delay
                      60     
                      61         
                      62         
00A1 EB               63         mov a , r3
00A2 93               64         movc a , @a+dptr
00A3 F590             65         mov p1 , a  
00A5 7580EF           66         mov p0 , #0EFH  
00A8 11E4             67         acall delay
                      68     
00AA BC0FDB           69         cjne r4 , #00FH , Show_fun
00AD 7C00             70         mov r4 , #0  
00AF 015D             71         ajmp Loop  
                      72     
00B1                  73     first_col:  
                      74         
00B1 EA               75         mov a , r2 
00B2 75F004           76         mov b , #4 
00B5 A4               77         mul ab  
00B6 FB               78         mov r3 ,a 
00B7 80CF             79         jmp Show_fun  
                      80     
00B9                  81     second_col:  
                      82         
00B9 EA               83         mov a , r2 
00BA 75F004           84         mov b , #4 
00BD A4               85         mul ab  
00BE 2401             86         add a , #1 
00C0 FB               87         mov r3 , a  
00C1 80C5             88         jmp Show_fun
                      89     
00C3                  90     third_col:  
                      91         
00C3 EA               92         mov a , r2  
00C4 75F004           93         mov b , #4 
00C7 A4               94         mul ab  
00C8 2402             95         add a , #2
00CA FB               96         mov r3 , a
00CB 80BB             97         jmp Show_fun
                      98     
00CD                  99     four_col:  
                     100         
00CD EA              101         mov a , r2 
00CE 75F004          102         mov b , #4 
00D1 A4              103         mul ab  
00D2 2403            104         add a , #3
00D4 FB              105         mov r3 , a
00D5 80B1            106         jmp Show_fun
                     107     
00D7                 108     Delay_keyboard:
00D7 7D0A            109             mov r5,#00AH
00D9                 110     Del1:
00D9 7E0A            111             mov r6,#00AH
00DB                 112     Del2:
00DB 7F01            113             mov r7,#1H
00DD                 114     Del3:
00DD DFFE            115             djnz r7,Del3
00DF DEFA            116             djnz r6,Del2
00E1 DDF6            117             djnz r5,Del1
00E3 22              118             ret
                     119     
00E4                 120     delay:
00E4 7DFF            121             mov r5,#0FFH
00E6                 122     delay1:
00E6 7E0F            123             mov r6,#00FH
00E8                 124     delay2:
A51 MACRO ASSEMBLER  QTION1                                                               11/02/2021 18:30:09 PAGE     3

00E8 7F01            125             mov r7,#1H
00EA                 126     delay3:
00EA DFFE            127             djnz r7,delay3
00EC DEFA            128             djnz r6,delay2
00EE DDF6            129             djnz r5,delay1
00F0 22              130             ret
                     131     
00F1                 132     show_table:
                     133         
00F1 C0F9A4B0        134         db  0C0H, 0F9H,     0A4H, 0B0H,     099H
00F5 99                      
                     135         
00F6 9282F880        136             db      092H, 082H,     0F8H, 080H,     090H    
00FA 90                      
                     137             ;A->10001000 , ;b->10000011 ;C->11000110 
00FB 8883C6          138         db 088H , 083H , 0C6H 
                     139             ;d->10100001 , ;E->10000110 , ;F->10001110
00FE A1868EFF        140         db 0A1H , 086H , 08EH , 0FFH  
                     141         
                     142         end  
A51 MACRO ASSEMBLER  QTION1                                                               11/02/2021 18:30:09 PAGE     4

SYMBOL TABLE LISTING
------ ----- -------


N A M E             T Y P E  V A L U E   ATTRIBUTES

B. . . . . . . . .  D ADDR   00F0H   A   
DEL1 . . . . . . .  C ADDR   00D9H   A   
DEL2 . . . . . . .  C ADDR   00DBH   A   
DEL3 . . . . . . .  C ADDR   00DDH   A   
DELAY. . . . . . .  C ADDR   00E4H   A   
DELAY1 . . . . . .  C ADDR   00E6H   A   
DELAY2 . . . . . .  C ADDR   00E8H   A   
DELAY3 . . . . . .  C ADDR   00EAH   A   
DELAY_KEYBOARD . .  C ADDR   00D7H   A   
FIRST_COL. . . . .  C ADDR   00B1H   A   
FOUR_COL . . . . .  C ADDR   00CDH   A   
LOOP . . . . . . .  C ADDR   005DH   A   
MAIN . . . . . . .  C ADDR   0050H   A   
P0 . . . . . . . .  D ADDR   0080H   A   
P1 . . . . . . . .  D ADDR   0090H   A   
P3 . . . . . . . .  D ADDR   00B0H   A   
READ . . . . . . .  C ADDR   005DH   A   
SECOND_COL . . . .  C ADDR   00B9H   A   
SHOW_FUN . . . . .  C ADDR   0088H   A   
SHOW_TABLE . . . .  C ADDR   00F1H   A   
THIRD_COL. . . . .  C ADDR   00C3H   A   


REGISTER BANK(S) USED: 0 


ASSEMBLY COMPLETE.  0 WARNING(S), 0 ERROR(S)
